// Jest Snapshot v1, https://goo.gl/fbAQLP

exports[`verify() when the signature does not match should throw 1`] = `"Signature is invalid, got: 6ae6caf33c4be33bbf6c699b171bd8c2b85b56778c99a425d0f41461f08fe222, expected: wrongSignature"`;
